// Jest Snapshot v1, https://goo.gl/fbAQLP

exports[`Search snapshots 1`] = `
<form
  onSubmit={undefined}
>
  <input
    onChange={undefined}
    type="text"
    value={undefined}
  />
  <button
    type="submit"
  >
    Search
  </button>
</form>
`;
